// Jest Snapshot v1, https://goo.gl/fbAQLP

exports[`<Button /> Render must match regular 1`] = `
<div>
  <button
    class="button"
    type="button"
  >
    click me
  </button>
</div>
`;
